[demo.bootstrapious.com/photo/1-5-0/index.html]
[backblue.gif]
[fade.gif]
[index.html]
[d19m59y37dris4.cloudfront.net/photo/1-5-0/vendor/bootstrap/css/bootstrap.min.css]
[d19m59y37dris4.cloudfront.net/photo/1-5-0/vendor/font-awesome/css/font-awesome.min.css]
[d19m59y37dris4.cloudfront.net/photo/1-5-0/css/custom-icons.css]
[d19m59y37dris4.cloudfront.net/photo/1-5-0/vendor/owl.carousel/assets/owl.carousel.min.css]
[d19m59y37dris4.cloudfront.net/photo/1-5-0/vendor/owl.carousel/assets/owl.theme.default.min.css]
[d19m59y37dris4.cloudfront.net/photo/1-5-0/css/style.default.css]
[demo.bootstrapious.com/photo/1-5-0/favicon.png]
[demo.bootstrapious.com/photo/1-5-0/index-2.html]
[d19m59y37dris4.cloudfront.net/photo/1-5-0/img/logo.png]
[demo.bootstrapious.com/photo/1-5-0/index2.html]
[demo.bootstrapious.com/photo/1-5-0/category.html]
[demo.bootstrapious.com/photo/1-5-0/category-left.html]
[demo.bootstrapious.com/photo/1-5-0/category-right.html]
[demo.bootstrapious.com/photo/1-5-0/category-collections.html]
[demo.bootstrapious.com/photo/1-5-0/category-search.html]
[d19m59y37dris4.cloudfront.net/photo/1-5-0/img/hero-bg-1.jpg]
[demo.bootstrapious.com/photo/1-5-0/detail.html]
[demo.bootstrapious.com/photo/1-5-0/cart.html]
[demo.bootstrapious.com/photo/1-5-0/cart-2.html]
[demo.bootstrapious.com/photo/1-5-0/cart-2-address.html]
[demo.bootstrapious.com/photo/1-5-0/cart-2-payment.html]
[demo.bootstrapious.com/photo/1-5-0/blog.html]
[demo.bootstrapious.com/photo/1-5-0/blog-2.html]
[demo.bootstrapious.com/photo/1-5-0/post.html]
[demo.bootstrapious.com/photo/1-5-0/text.html]
[demo.bootstrapious.com/photo/1-5-0/404.html]
[demo.bootstrapious.com/photo/1-5-0/contact.html]
[demo.bootstrapious.com/photo/1-5-0/customers-account.html]
[demo.bootstrapious.com/photo/1-5-0/customers-addresses.html]
[demo.bootstrapious.com/photo/1-5-0/customers-activate-account.html]
[demo.bootstrapious.com/photo/1-5-0/customers-login.html]
[demo.bootstrapious.com/photo/1-5-0/customers-register.html]
[demo.bootstrapious.com/photo/1-5-0/customers-order.html]
[demo.bootstrapious.com/photo/1-5-0/customers-reset-password.html]
[d19m59y37dris4.cloudfront.net/photo/1-5-0/img/hero-3.png]
[d19m59y37dris4.cloudfront.net/photo/1-5-0/img/hero-2.png]
[d19m59y37dris4.cloudfront.net/photo/1-5-0/img/hero-1.png]
[d19m59y37dris4.cloudfront.net/photo/1-5-0/img/cat-cam.jpg]
[d19m59y37dris4.cloudfront.net/photo/1-5-0/img/cat-lenses.jpg]
[d19m59y37dris4.cloudfront.net/photo/1-5-0/img/cat-accessories.jpg]
[d19m59y37dris4.cloudfront.net/photo/1-5-0/img/camera-big.jpg]
[d19m59y37dris4.cloudfront.net/photo/1-5-0/img/camera-1.jpg]
[d19m59y37dris4.cloudfront.net/photo/1-5-0/img/camera-3.jpg]
[d19m59y37dris4.cloudfront.net/photo/1-5-0/img/camera-2.jpg]
[d19m59y37dris4.cloudfront.net/photo/1-5-0/img/nikon-cam.png]
[d19m59y37dris4.cloudfront.net/photo/1-5-0/img/lens-1.jpg]
[d19m59y37dris4.cloudfront.net/photo/1-5-0/img/lens-2.jpg]
[d19m59y37dris4.cloudfront.net/photo/1-5-0/img/lens-3.jpg]
[d19m59y37dris4.cloudfront.net/photo/1-5-0/img/lens-4.jpg]
[d19m59y37dris4.cloudfront.net/photo/1-5-0/img/lens-big.jpg]
[d19m59y37dris4.cloudfront.net/photo/1-5-0/img/template-mac.png]
[d19m59y37dris4.cloudfront.net/photo/1-5-0/vendor/jquery/jquery.min.js]
[d19m59y37dris4.cloudfront.net/photo/1-5-0/vendor/bootstrap/js/bootstrap.bundle.min.js]
[d19m59y37dris4.cloudfront.net/photo/1-5-0/vendor/jquery.cookie/jquery.cookie.js]
[d19m59y37dris4.cloudfront.net/photo/1-5-0/vendor/owl.carousel/owl.carousel.min.js]
[d19m59y37dris4.cloudfront.net/photo/1-5-0/vendor/owl.carousel2.thumbs/owl.carousel2.thumbs.min.js]
[d19m59y37dris4.cloudfront.net/photo/1-5-0/vendor/jquery-validation/jquery.validate.min.js]
[demo.bootstrapious.com/photo/1-5-0/index.html]
[d19m59y37dris4.cloudfront.net/photo/1-5-0/vendor/bootstrap/css/bootstrap.min.css]
[d19m59y37dris4.cloudfront.net/photo/1-5-0/vendor/font-awesome/css/font-awesome.min.css]
[d19m59y37dris4.cloudfront.net/photo/1-5-0/css/custom-icons.css]
[d19m59y37dris4.cloudfront.net/photo/1-5-0/js/front.js]
[d19m59y37dris4.cloudfront.net/photo/1-5-0/vendor/owl.carousel/assets/owl.video.play.png]
[d19m59y37dris4.cloudfront.net/photo/1-5-0/vendor/owl.carousel/assets/owl.carousel.min.css]
[d19m59y37dris4.cloudfront.net/photo/1-5-0/vendor/owl.carousel/assets/owl.theme.default.min.css]
[d19m59y37dris4.cloudfront.net/photo/1-5-0/img/404.jpg]
[d19m59y37dris4.cloudfront.net/photo/1-5-0/img/hero-bg.jpg]
[d19m59y37dris4.cloudfront.net/photo/1-5-0/img/divider-bg.jpg]
[d19m59y37dris4.cloudfront.net/photo/1-5-0/css/style.default.css]
[d19m59y37dris4.cloudfront.net/photo/1-5-0/css/custom.css]
[demo.bootstrapious.com/photo/1-5-0/index-2.html]
[d19m59y37dris4.cloudfront.net/photo/1-5-0/img/hero-bg-2.jpg]
[d19m59y37dris4.cloudfront.net/photo/1-5-0/img/hero-bg-3.jpg]
[demo.bootstrapious.com/photo/1-5-0/index2.html]
[d19m59y37dris4.cloudfront.net/photo/1-5-0/img/product-1.jpg]
[d19m59y37dris4.cloudfront.net/photo/1-5-0/img/product-2.jpg]
[d19m59y37dris4.cloudfront.net/photo/1-5-0/img/product-3.jpg]
[d19m59y37dris4.cloudfront.net/photo/1-5-0/img/product-4.jpg]
[d19m59y37dris4.cloudfront.net/photo/1-5-0/img/product-5.jpg]
[d19m59y37dris4.cloudfront.net/photo/1-5-0/img/product-6.jpg]
[d19m59y37dris4.cloudfront.net/photo/1-5-0/img/product-7.jpg]
[demo.bootstrapious.com/photo/1-5-0/category.html]
[d19m59y37dris4.cloudfront.net/photo/1-5-0/vendor/nouislider/nouislider.css]
[demo.bootstrapious.com/photo/1-5-0/category-left.html]
[demo.bootstrapious.com/photo/1-5-0/category-right.html]
[d19m59y37dris4.cloudfront.net/photo/1-5-0/vendor/nouislider/nouislider.min.js]
[d19m59y37dris4.cloudfront.net/photo/1-5-0/img/cat-drones.jpg]
[demo.bootstrapious.com/photo/1-5-0/category-collections.html]
[d19m59y37dris4.cloudfront.net/photo/1-5-0/img/camera-5.jpg]
[d19m59y37dris4.cloudfront.net/photo/1-5-0/img/camera-4.jpg]
[demo.bootstrapious.com/photo/1-5-0/category-search.html]
[d19m59y37dris4.cloudfront.net/photo/1-5-0/img/detail-2.jpg]
[d19m59y37dris4.cloudfront.net/photo/1-5-0/img/detail-1.jpg]
[d19m59y37dris4.cloudfront.net/photo/1-5-0/img/detail-3.jpg]
[d19m59y37dris4.cloudfront.net/photo/1-5-0/img/detail-4.jpg]
[d19m59y37dris4.cloudfront.net/photo/1-5-0/img/detail-2-small.jpg]
[d19m59y37dris4.cloudfront.net/photo/1-5-0/img/detail-1-small.jpg]
[d19m59y37dris4.cloudfront.net/photo/1-5-0/img/detail-3-small.jpg]
[d19m59y37dris4.cloudfront.net/photo/1-5-0/img/detail-4-small.jpg]
[d19m59y37dris4.cloudfront.net/photo/1-5-0/img/detail-related-1.jpg]
[d19m59y37dris4.cloudfront.net/photo/1-5-0/img/detail-related-2.jpg]
[d19m59y37dris4.cloudfront.net/photo/1-5-0/img/detail-related-3.jpg]
[demo.bootstrapious.com/photo/1-5-0/detail.html]
[d19m59y37dris4.cloudfront.net/photo/1-5-0/img/cart-item.jpg]
[demo.bootstrapious.com/photo/1-5-0/cart.html]
[demo.bootstrapious.com/photo/1-5-0/cart-2.html]
[demo.bootstrapious.com/photo/1-5-0/cart-2-address.html]
[demo.bootstrapious.com/photo/1-5-0/cart-2-payment.html]
[d19m59y37dris4.cloudfront.net/photo/1-5-0/img/blog1.jpg]
[d19m59y37dris4.cloudfront.net/photo/1-5-0/img/blog2.jpg]
[demo.bootstrapious.com/photo/1-5-0/blog.html]
[demo.bootstrapious.com/photo/1-5-0/blog-2.html]
[d19m59y37dris4.cloudfront.net/photo/1-5-0/img/blog-avatar2.jpg]
[demo.bootstrapious.com/photo/1-5-0/post.html]
[d19m59y37dris4.cloudfront.net/photo/1-5-0/img/blog-avatar.jpg]
[demo.bootstrapious.com/photo/1-5-0/text.html]
[demo.bootstrapious.com/photo/1-5-0/404.html]
[cdnjs.cloudflare.com/ajax/libs/leaflet/1.5.1/leaflet.css]
[demo.bootstrapious.com/photo/1-5-0/contact.html]
[demo.bootstrapious.com/photo/1-5-0/customers-account.html]
[demo.bootstrapious.com/photo/1-5-0/customers-addresses.html]
[demo.bootstrapious.com/photo/1-5-0/customers-activate-account.html]
[demo.bootstrapious.com/photo/1-5-0/customers-login.html]
[demo.bootstrapious.com/photo/1-5-0/customers-register.html]
[demo.bootstrapious.com/photo/1-5-0/customers-order.html]
[demo.bootstrapious.com/photo/1-5-0/customers-reset-password.html]
[d19m59y37dris4.cloudfront.net/photo/1-5-0/vendor/nouislider/nouislider.css]
[cdnjs.cloudflare.com/ajax/libs/leaflet/1.5.1/leaflet.js]
[cdnjs.cloudflare.com/ajax/libs/leaflet/1.5.1/images/layers.png]
[cdnjs.cloudflare.com/ajax/libs/leaflet/1.5.1/images/layers-2x.png]
[cdnjs.cloudflare.com/ajax/libs/leaflet/1.5.1/leaflet.css]
[cdnjs.cloudflare.com/ajax/libs/leaflet/1.5.1/images/marker-icon.png]
